<html>
<body>
<pre>
<h1>µVision Build Log</h1>
<h2>Tool Versions:</h2>
IDE-Version: µVision V5.31.0.0
Copyright (C) 2020 ARM Ltd and ARM Germany GmbH. All rights reserved.
License Information: long do, no, LIC=QF82M-X8DJB-74HS0-BF7ZV-Y1SV4-8JPS1
 
Tool Versions:
Toolchain:       MDK-ARM Plus  Version: 5.31.0.0
Toolchain Path:  C:\Keil_v5\ARM\ARMCC\Bin
C Compiler:      Armcc.exe V5.06 update 6 (build 750)
Assembler:       Armasm.exe V5.06 update 6 (build 750)
Linker/Locator:  ArmLink.exe V5.06 update 6 (build 750)
Library Manager: ArmAr.exe V5.06 update 6 (build 750)
Hex Converter:   FromElf.exe V5.06 update 6 (build 750)
CPU DLL:         SARMCM3.DLL V5.31.0.0
Dialog DLL:      DCM.DLL V1.17.3.0
Target DLL:      Segger\JL2CM3.dll V2.99.38.0
Dialog DLL:      TCM.DLL V1.46.0.0
 
<h2>Project:</h2>
E:\Project\Security_service_STM32\MDK-ARM\Security_service_STM32.uvprojx
Project File Date:  07/09/2026

<h2>Output:</h2>
*** Using Compiler 'V5.06 update 6 (build 750)', folder: 'C:\Keil_v5\ARM\ARMCC\Bin'
Rebuild target 'Security_service_STM32'
assembling startup_stm32f411xe.s...
compiling stm32f4xx_hal_timebase_tim.c...
compiling stm32f4xx_hal_msp.c...
compiling stm32f4xx_it.c...
compiling stm32f4xx_hal_tim_ex.c...
compiling main.c...
compiling stm32f4xx_hal_tim.c...
compiling stm32f4xx_hal_i2c.c...
compiling stm32f4xx_hal_i2c_ex.c...
compiling stm32f4xx_hal_rcc_ex.c...
compiling stm32f4xx_hal_rcc.c...
compiling stm32f4xx_hal_flash_ex.c...
compiling stm32f4xx_hal_flash.c...
compiling stm32f4xx_hal_flash_ramfunc.c...
compiling stm32f4xx_hal_gpio.c...
compiling stm32f4xx_hal_dma_ex.c...
compiling stm32f4xx_hal_dma.c...
compiling stm32f4xx_hal_pwr_ex.c...
compiling stm32f4xx_hal_pwr.c...
compiling stm32f4xx_hal_cortex.c...
compiling croutine.c...
compiling event_groups.c...
compiling list.c...
compiling stm32f4xx_hal.c...
compiling heap_4.c...
compiling stm32f4xx_hal_exti.c...
compiling queue.c...
compiling stream_buffer.c...
compiling port.c...
..\3rdParty\FreeRTOS\portable\RVDS\ARM_CM4F\port.c(793): warning:  #191-D: type qualifier is meaningless on cast type
  	volatile uint8_t * const pucFirstUserPriorityRegister = ( volatile uint8_t * const ) ( portNVIC_IP_REGISTERS_OFFSET_16 + portFIRST_USER_INTERRUPT_NUMBER );
..\3rdParty\FreeRTOS\portable\RVDS\ARM_CM4F\port.c: 1 warning, 0 errors
compiling timers.c...
compiling tasks.c...
compiling system_stm32f4xx.c...
compiling stm32f4xx_hal_uart.c...
compiling SEGGER_SYSVIEW_Config_FreeRTOS.c...
compiling SEGGER_SYSVIEW_FreeRTOS.c...
compiling SEGGER_RTT.c...
compiling SEGGER_RTT_printf.c...
compiling SEGGER_RTT_Syscalls_KEIL.c...
compiling fonts.c...
compiling gui.c...
compiling task_ParsingData.c...
compiling task_uart_FingerPrint.c...
compiling SEGGER_SYSVIEW.c...
compiling ssd1306.c...
linking...
Program Size: Code=26842 RO-data=854 RW-data=196 ZI-data=85396  
FromELF: creating hex file...
"Security_service_STM32\Security_service_STM32.axf" - 0 Error(s), 1 Warning(s).

<h2>Software Packages used:</h2>

Package Vendor: ARM
                http://www.keil.com/pack/ARM.CMSIS.5.7.0.pack
                ARM.CMSIS.5.7.0
                CMSIS (Cortex Microcontroller Software Interface Standard)
   * Component: CORE Version: 5.4.0

Package Vendor: Keil
                https://www.keil.com/pack/Keil.STM32F4xx_DFP.3.1.1.pack
                Keil.STM32F4xx_DFP.3.1.1
                STMicroelectronics STM32F4 Series Device Support

<h2>Collection of Component include folders:</h2>
  .\RTE\_Security_service_STM32
  C:\Users\olong\AppData\Local\Arm\Packs\ARM\CMSIS\5.7.0\CMSIS\Core\Include

<h2>Collection of Component Files used:</h2>

   * Component: ARM::CMSIS:CORE:5.4.0
Build Time Elapsed:  00:00:05
</pre>
</body>
</html>
